// Jest Snapshot v1, https://goo.gl/fbAQLP

exports[`should render a search form it should render a component containing a form with an input, 5 radio buttons, and a button 1`] = `
<DocumentFragment>
  <form>
    <input
      placeholder="URL"
    />
    <div>
      <label
        for="GET"
      >
        GET
        <input
          id="GET"
          name="search"
          type="radio"
          value="GET"
        />
      </label>
      <label
        for="POST"
      >
        POST
        <input
          id="POST"
          name="search"
          type="radio"
          value="POST"
        />
      </label>
      <label
        for="PUT"
      >
        PUT
        <input
          id="PUT"
          name="search"
          type="radio"
          value="PUT"
        />
      </label>
      <label
        for="PATCH"
      >
        PATCH
        <input
          id="PATCH"
          name="search"
          type="radio"
          value="PATCH"
        />
      </label>
      <label
        for="DELETE"
      >
        DELETE
        <input
          id="DELETE"
          name="search"
          type="radio"
          value="DELETE"
        />
      </label>
      <button>
        Go!
      </button>
    </div>
    <textarea
      placeholder="Raw JSON Body"
    />
  </form>
</DocumentFragment>
`;
